[debug] [2026-02-01T00:14:21.395Z] ----------------------------------------------------------------------
[debug] [2026-02-01T00:14:21.399Z] Command:       /Users/rohanramnarain/.nvm/versions/node/v20.19.5/bin/node /Users/rohanramnarain/.nvm/versions/node/v20.19.5/bin/firebase deploy --project futureunhousednyc --only functions,hosting
[debug] [2026-02-01T00:14:21.399Z] CLI Version:   15.3.1
[debug] [2026-02-01T00:14:21.399Z] Platform:      darwin
[debug] [2026-02-01T00:14:21.399Z] Node Version:  v20.19.5
[debug] [2026-02-01T00:14:21.399Z] Time:          Sat Jan 31 2026 19:14:21 GMT-0500 (Eastern Standard Time)
[debug] [2026-02-01T00:14:21.399Z] ----------------------------------------------------------------------
[debug] 
[debug] [2026-02-01T00:14:22.045Z] > command requires scopes: ["email","openid","https://www.googleapis.com/auth/cloudplatformprojects.readonly","https://www.googleapis.com/auth/firebase","https://www.googleapis.com/auth/cloud-platform"]
[debug] [2026-02-01T00:14:22.045Z] > authorizing via signed-in user (rohan.ramnarain@gmail.com)
[debug] [2026-02-01T00:14:22.045Z] [iam] checking project futureunhousednyc for permissions ["cloudfunctions.functions.create","cloudfunctions.functions.delete","cloudfunctions.functions.get","cloudfunctions.functions.list","cloudfunctions.functions.update","cloudfunctions.operations.get","firebase.projects.get","firebasehosting.sites.update"]
[debug] [2026-02-01T00:14:22.045Z] Checked if tokens are valid: true, expires at: 1769908147817
[debug] [2026-02-01T00:14:22.045Z] Checked if tokens are valid: true, expires at: 1769908147817
[debug] [2026-02-01T00:14:22.046Z] >>> [apiv2][query] POST https://cloudresourcemanager.googleapis.com/v1/projects/futureunhousednyc:testIamPermissions [none]
[debug] [2026-02-01T00:14:22.046Z] >>> [apiv2][(partial)header] POST https://cloudresourcemanager.googleapis.com/v1/projects/futureunhousednyc:testIamPermissions x-goog-quota-user=projects/futureunhousednyc
[debug] [2026-02-01T00:14:22.046Z] >>> [apiv2][body] POST https://cloudresourcemanager.googleapis.com/v1/projects/futureunhousednyc:testIamPermissions {"permissions":["cloudfunctions.functions.create","cloudfunctions.functions.delete","cloudfunctions.functions.get","cloudfunctions.functions.list","cloudfunctions.functions.update","cloudfunctions.operations.get","firebase.projects.get","firebasehosting.sites.update"]}
[debug] [2026-02-01T00:14:22.328Z] <<< [apiv2][status] POST https://cloudresourcemanager.googleapis.com/v1/projects/futureunhousednyc:testIamPermissions 200
[debug] [2026-02-01T00:14:22.329Z] <<< [apiv2][body] POST https://cloudresourcemanager.googleapis.com/v1/projects/futureunhousednyc:testIamPermissions {"permissions":["cloudfunctions.functions.create","cloudfunctions.functions.delete","cloudfunctions.functions.get","cloudfunctions.functions.list","cloudfunctions.functions.update","cloudfunctions.operations.get","firebase.projects.get","firebasehosting.sites.update"]}
[debug] [2026-02-01T00:14:22.329Z] Checked if tokens are valid: true, expires at: 1769908147817
[debug] [2026-02-01T00:14:22.329Z] Checked if tokens are valid: true, expires at: 1769908147817
[debug] [2026-02-01T00:14:22.329Z] >>> [apiv2][query] POST https://iam.googleapis.com/v1/projects/futureunhousednyc/serviceAccounts/futureunhousednyc@appspot.gserviceaccount.com:testIamPermissions [none]
[debug] [2026-02-01T00:14:22.329Z] >>> [apiv2][body] POST https://iam.googleapis.com/v1/projects/futureunhousednyc/serviceAccounts/futureunhousednyc@appspot.gserviceaccount.com:testIamPermissions {"permissions":["iam.serviceAccounts.actAs"]}
[debug] [2026-02-01T00:14:22.548Z] <<< [apiv2][status] POST https://iam.googleapis.com/v1/projects/futureunhousednyc/serviceAccounts/futureunhousednyc@appspot.gserviceaccount.com:testIamPermissions 404
[debug] [2026-02-01T00:14:22.548Z] <<< [apiv2][body] POST https://iam.googleapis.com/v1/projects/futureunhousednyc/serviceAccounts/futureunhousednyc@appspot.gserviceaccount.com:testIamPermissions {"error":{"code":404,"message":"Unknown service account","status":"NOT_FOUND"}}
[debug] [2026-02-01T00:14:22.548Z] [functions] service account IAM check errored, deploy may fail: Request to https://iam.googleapis.com/v1/projects/futureunhousednyc/serviceAccounts/futureunhousednyc@appspot.gserviceaccount.com:testIamPermissions had HTTP Error: 404, Unknown service account {"name":"FirebaseError","children":[],"context":{"body":{"error":{"code":404,"message":"Unknown service account","status":"NOT_FOUND"}},"response":{"statusCode":404}},"exit":1,"message":"Request to https://iam.googleapis.com/v1/projects/futureunhousednyc/serviceAccounts/futureunhousednyc@appspot.gserviceaccount.com:testIamPermissions had HTTP Error: 404, Unknown service account","status":404}
[debug] [2026-02-01T00:14:22.549Z] Checked if tokens are valid: true, expires at: 1769908147817
[debug] [2026-02-01T00:14:22.549Z] Checked if tokens are valid: true, expires at: 1769908147817
[debug] [2026-02-01T00:14:22.549Z] >>> [apiv2][query] GET https://firebase.googleapis.com/v1beta1/projects/futureunhousednyc [none]
[debug] [2026-02-01T00:14:22.846Z] <<< [apiv2][status] GET https://firebase.googleapis.com/v1beta1/projects/futureunhousednyc 200
[debug] [2026-02-01T00:14:22.847Z] <<< [apiv2][body] GET https://firebase.googleapis.com/v1beta1/projects/futureunhousednyc {"projectId":"futureunhousednyc","projectNumber":"213130149292","displayName":"futureunhousednyc","name":"projects/futureunhousednyc","resources":{"hostingSite":"futureunhousednyc"},"state":"ACTIVE","etag":"1_6b24a06d-b218-46c7-a8af-5a704fdf9474"}
[info] 
[info] === Deploying to 'futureunhousednyc'...
[info] 
[info] i  deploying functions, hosting 
[debug] [2026-02-01T00:14:22.852Z] Checked if tokens are valid: true, expires at: 1769908147817
[debug] [2026-02-01T00:14:22.852Z] Checked if tokens are valid: true, expires at: 1769908147817
[debug] [2026-02-01T00:14:22.852Z] >>> [apiv2][query] GET https://cloudresourcemanager.googleapis.com/v1/projects/futureunhousednyc [none]
[debug] [2026-02-01T00:14:22.956Z] <<< [apiv2][status] GET https://cloudresourcemanager.googleapis.com/v1/projects/futureunhousednyc 200
[debug] [2026-02-01T00:14:22.956Z] <<< [apiv2][body] GET https://cloudresourcemanager.googleapis.com/v1/projects/futureunhousednyc {"projectNumber":"213130149292","projectId":"futureunhousednyc","lifecycleState":"ACTIVE","name":"futureunhousednyc","labels":{"firebase":"enabled","firebase-core":"disabled"},"createTime":"2025-11-15T22:22:01.914702Z"}
[info] i  functions: preparing codebase default for deployment 
[info] i  functions: ensuring required API cloudfunctions.googleapis.com is enabled... 
[info] i  functions: ensuring required API cloudbuild.googleapis.com is enabled... 
[info] i  artifactregistry: ensuring required API artifactregistry.googleapis.com is enabled... 
[debug] [2026-02-01T00:14:22.959Z] Checked if tokens are valid: true, expires at: 1769908147817
[debug] [2026-02-01T00:14:22.959Z] Checked if tokens are valid: true, expires at: 1769908147817
[debug] [2026-02-01T00:14:22.959Z] >>> [apiv2][query] GET https://firebase.googleapis.com/v1beta1/projects/futureunhousednyc/adminSdkConfig [none]
[debug] [2026-02-01T00:14:23.220Z] <<< [apiv2][status] GET https://firebase.googleapis.com/v1beta1/projects/futureunhousednyc/adminSdkConfig 200
[debug] [2026-02-01T00:14:23.221Z] <<< [apiv2][body] GET https://firebase.googleapis.com/v1beta1/projects/futureunhousednyc/adminSdkConfig {"projectId":"futureunhousednyc","storageBucket":"futureunhousednyc.firebasestorage.app"}
[debug] [2026-02-01T00:14:23.221Z] Customer code is not Node
[debug] [2026-02-01T00:14:23.222Z] Validating python source
[debug] [2026-02-01T00:14:23.222Z] Building python source
[info] i  functions: Loading and analyzing source code for codebase default to determine what to deploy 
[debug] [2026-02-01T00:14:23.222Z] Could not find functions.yaml. Must use http discovery
[debug] [2026-02-01T00:14:23.226Z] Running command with virtualenv: command=., args=["\"/Users/rohanramnarain/Documents/future_unhoused_nyc/functions/venv/bin/activate\"","&&","python3.11","-c","\"import firebase_functions; import os; print(os.path.dirname(firebase_functions.__file__))\""]
[debug] [2026-02-01T00:14:23.271Z] stdout: /Users/rohanramnarain/Documents/future_unhoused_nyc/functions/venv/lib/python3.11/site-packages/firebase_functions

[debug] [2026-02-01T00:14:23.273Z] Running admin server with args: ["python3.11","\"/Users/rohanramnarain/Documents/future_unhoused_nyc/functions/venv/lib/python3.11/site-packages/firebase_functions/private/serving.py\""] and env: {"FIREBASE_CONFIG":"{\"projectId\":\"futureunhousednyc\",\"storageBucket\":\"futureunhousednyc.firebasestorage.app\"}","GCLOUD_PROJECT":"futureunhousednyc","GOOGLE_CLOUD_QUOTA_PROJECT":"futureunhousednyc","ADMIN_PORT":"8081"} in /Users/rohanramnarain/Documents/future_unhoused_nyc/functions
[debug] [2026-02-01T00:14:23.273Z] Running command with virtualenv: command=., args=["\"/Users/rohanramnarain/Documents/future_unhoused_nyc/functions/venv/bin/activate\"","&&","python3.11","\"/Users/rohanramnarain/Documents/future_unhoused_nyc/functions/venv/lib/python3.11/site-packages/firebase_functions/private/serving.py\""]
[info]  * Serving Flask app 'serving'
 * Debug mode: off

[error] WARNING: This is a development server. Do not use it in a production deployment. Use a production WSGI server instead.
 * Running on http://127.0.0.1:8081
Press CTRL+C to quit

[error] [2026-01-31 19:14:30,118] INFO - Loaded 177 MODZCTA polygons for ZIP enrichment

